[dlims.punjab.gov.pk/index.html]
[backblue.gif]
[fade.gif]
[index.html]
[dlims.punjab.gov.pk/theme_new/assets/images/favicon.ico]
[dlims.punjab.gov.pk/theme_new/assets/images/top-bar-animation.png]
[dlims.punjab.gov.pk/downloads.html]
[dlims.punjab.gov.pk/elicense.html]
[dlims.punjab.gov.pk/fee_structure.html]
[dlims.punjab.gov.pk/track.html]
[dlims.punjab.gov.pk/verify.html]
[dlims.punjab.gov.pk/login.html]
[dlims.punjab.gov.pk/theme_new/assets/images/dastak_landing_hero_logo.png]
[dlims.punjab.gov.pk/theme_new/assets/images/dastak_landing_hero_powered.png]
[dlims.punjab.gov.pk/theme_new/assets/images/affect_less.png]
[dlims.punjab.gov.pk/theme_new/assets/images/real_time.png]
[dlims.punjab.gov.pk/theme_new/assets/images/securepayment.png]
[dlims.punjab.gov.pk/theme_new/assets/images/about_us.png]
[dlims.punjab.gov.pk/theme_new/assets/images/dastak_landing_service_info.png]
[dlims.punjab.gov.pk/theme_new/assets/images/dastak_landing_powered.png]
[dlims.punjab.gov.pk/register.html]
[dlims.punjab.gov.pk/assets/images/dastak_new.jpg]
[dlims.punjab.gov.pk/theme/assets/js/jquery.min.js]
[dlims.punjab.gov.pk/theme_new/assets/js/bootstrap.bundle.min.js]
[dlims.punjab.gov.pk/index.html]
[dlims.punjab.gov.pk/theme_new/assets/css/bootstrap.min.css]
[dlims.punjab.gov.pk/theme_new/assets/images/background_landing_page2.png]
[dlims.punjab.gov.pk/theme_new/assets/images/dastak_new_btn_bg.png]
[dlims.punjab.gov.pk/theme_new/assets/images/seo3-sectionbg1.png]
[dlims.punjab.gov.pk/theme_new/assets/images/dlims-sectionbg2.png]
[dlims.punjab.gov.pk/theme_new/assets/images/dlims-sectionbg3.png]
[dlims.punjab.gov.pk/theme_new/assets/images/dlims-sectionbg5.png]
[dlims.punjab.gov.pk/theme_new/assets/images/footer_img.png]
[dlims.punjab.gov.pk/theme_new/assets/images/downloads_bg.png]
[dlims.punjab.gov.pk/theme_new/assets/css/custom_style.css]
[dlims.punjab.gov.pk/theme_new/assets/images/dastak-logo-new-top.svg]
[dlims.punjab.gov.pk/theme_new/assets/images/image 2.svg]
[dlims.punjab.gov.pk/theme/assets/media/images/dastak-logo-new-nav.svg]
[dlims.punjab.gov.pk/theme/assets/media/images/dastak-logo-dark.svg]
[dlims.punjab.gov.pk/theme/assets/downloads/medical.pdf]
[dlims.punjab.gov.pk/theme_new/assets/images/download_page.png]
[dlims.punjab.gov.pk/downloads.html]
[dlims.punjab.gov.pk/applications-form-regular-renewal]
[dlims.punjab.gov.pk/applications-form-regular-duplicate]
[dlims.punjab.gov.pk/theme_new/assets/images/invalid-carrige-black.png]
[dlims.punjab.gov.pk/applications-form-international-renewal]
[dlims.punjab.gov.pk/fee_structure.html]
[dlims.punjab.gov.pk/theme_new/assets/images/verify_image.png]
[dlims.punjab.gov.pk/theme/assets/js/jquery.mask.min.js]
[dlims.punjab.gov.pk/theme/assets/bootstrapdatepicker/bootstrap-datepicker.js]
[dlims.punjab.gov.pk/elicense.html]
[dlims.punjab.gov.pk/theme_new/assets/images/frame.png]
[dlims.punjab.gov.pk/track.html]
[dlims.punjab.gov.pk/verify.html]
[dlims.punjab.gov.pk/theme/assets/media/images/dastak_new_right.png]
[dlims.punjab.gov.pk/theme/assets/media/images/dastak_new_login.png]
[dlims.punjab.gov.pk/password/reset.html]
[dlims.punjab.gov.pk/theme/assets/js/bootstrap.bundle.js]
[dlims.punjab.gov.pk/theme/assets/js/functions.js]
[dlims.punjab.gov.pk/login.html]
[dlims.punjab.gov.pk/theme/assets/media/images/login-car-img.png]
[dlims.punjab.gov.pk/register.html]
[dlims.punjab.gov.pk/theme_new/assets/images/dastak_landing_logo.svg]
[dlims.punjab.gov.pk/theme_new/assets/images/dastak_landing_footer_logo.svg]
[dlims.punjab.gov.pk/theme_new/assets/images/emerg-num.svg]
[dlims.punjab.gov.pk/theme_new/assets/images/phone-num.svg]
[dlims.punjab.gov.pk/theme_new/assets/images/email.svg]
[dlims.punjab.gov.pk/theme/assets/bootstrapdatepicker/bootstrap-datepicker.css]
[dlims.punjab.gov.pk/theme/assets/css/bootstrap.css]
[dlims.punjab.gov.pk/theme/assets/css/fonts/bootstrap-icons09cf.woff2]
[dlims.punjab.gov.pk/theme/assets/css/fonts/bootstrap-icons09cf.woff]
[dlims.punjab.gov.pk/theme/assets/css/bootstrap-icons.min.css]
[dlims.punjab.gov.pk/theme/assets/images/inner_content_bg.png]
[dlims.punjab.gov.pk/theme/assets/media/images/hands_image.png]
[dlims.punjab.gov.pk/theme/assets/media/images/register_banner.png]
[dlims.punjab.gov.pk/theme/assets/media/images/psid_bg.png]
[dlims.punjab.gov.pk/theme/assets/css/custom_style.css]
[dlims.punjab.gov.pk/theme/assets/css/style_dev.css]
[dlims.punjab.gov.pk/theme/assets/css/responsive.css]
[dlims.punjab.gov.pk/password/reset.html]
[dlims.punjab.gov.pk/theme/assets/media/images/register_footer.svg]
[dlims.punjab.gov.pk/theme/assets/media/images/driving_car.svg]
